[2025-12-30T14:14:51.858+0000][168][info][gc,init] CardTable entry size: 512
[2025-12-30T14:14:51.860+0000][168][info][gc     ] Using G1
[2025-12-30T14:14:51.871+0000][168][info][gc,init] Version: 21.0.1+12-29 (release)
[2025-12-30T14:14:51.872+0000][168][info][gc,init] CPUs: 12 total, 12 available
[2025-12-30T14:14:51.873+0000][168][info][gc,init] Memory: 4096M
[2025-12-30T14:14:51.874+0000][168][info][gc,init] Large Page Support: Disabled
[2025-12-30T14:14:51.874+0000][168][info][gc,init] NUMA Support: Disabled
[2025-12-30T14:14:51.875+0000][168][info][gc,init] Compressed Oops: Enabled (32-bit)
[2025-12-30T14:14:51.876+0000][168][info][gc,init] Heap Region Size: 1M
[2025-12-30T14:14:51.877+0000][168][info][gc,init] Heap Min Capacity: 2G
[2025-12-30T14:14:51.878+0000][168][info][gc,init] Heap Initial Capacity: 2G
[2025-12-30T14:14:51.879+0000][168][info][gc,init] Heap Max Capacity: 2G
[2025-12-30T14:14:51.879+0000][168][info][gc,init] Pre-touch: Disabled
[2025-12-30T14:14:51.880+0000][168][info][gc,init] Parallel Workers: 10
[2025-12-30T14:14:51.881+0000][168][info][gc,init] Concurrent Workers: 3
[2025-12-30T14:14:51.882+0000][168][info][gc,init] Concurrent Refinement Workers: 10
[2025-12-30T14:14:51.882+0000][168][info][gc,init] Periodic GC: Disabled
[2025-12-30T14:14:51.891+0000][168][info][gc,metaspace] CDS archive(s) mapped at: [0x00007f9383000000-0x00007f9383ca5000-0x00007f9383ca5000), size 13258752, SharedBaseAddress: 0x00007f9383000000, ArchiveRelocationMode: 1.
[2025-12-30T14:14:51.892+0000][168][info][gc,metaspace] Compressed class space mapped at: 0x00007f9384000000-0x00007f93c4000000, reserved size: 1073741824
[2025-12-30T14:14:51.893+0000][168][info][gc,metaspace] Narrow klass base: 0x00007f9383000000, Narrow klass shift: 0, Narrow klass range: 0x100000000
[2025-12-30T14:14:51.964+0000][168][info][gc,heap,exit] Heap
[2025-12-30T14:14:51.965+0000][168][info][gc,heap,exit]  garbage-first heap   total 2097152K, used 3103K [0x0000000080000000, 0x0000000100000000)
[2025-12-30T14:14:51.966+0000][168][info][gc,heap,exit]   region size 1024K, 3 young (3072K), 0 survivors (0K)
[2025-12-30T14:14:51.967+0000][168][info][gc,heap,exit]  Metaspace       used 210K, committed 448K, reserved 1114112K
[2025-12-30T14:14:51.968+0000][168][info][gc,heap,exit]   class space    used 5K, committed 128K, reserved 1048576K
